train(synthetic) 109  holdout(real) 26  held-back 25%

casebase: 57 solved-synthetic strategies mined

real bug                           cold         warm
bitcount                   Y(   12) Y(   12)
bucketsort                 Y(   97) Y(  347)  >
find_first_in_sorted       Y(    4) Y(  194)  >
find_in_sorted             n(    1) n(  234)  >
flatten                    Y(    1) Y(    1)
gcd                        Y(    1) Y(    1)
get_factors                Y(   25) Y(   25)
hanoi                      Y(   53) Y(  303)  >
is_valid_parenthesization  n(    0) n(    0)
kheapsort                  Y(  616) Y(  616)
kth                        n( 1001) n( 1001)
lcs_length                 n(12234) n(12234)
lis                        n(   99) n(   25)  <=
max_sublist_sum            Y( 1160) Y( 1160)
mergesort                  Y( 1894) Y( 1894)
next_palindrome            n(    0) n(    0)
next_permutation           Y(  102) Y(  352)  >
pascal                     Y(  600) Y(  147)  <=
powerset                   Y(  297) Y(  297)
quicksort                  Y(   66) Y(  316)  >
rpn_eval                   Y(    9) Y(  259)  >
shunting_yard              Y(  446) Y(  446)
sieve                      Y(    2) Y(  252)  >
sqrt                       n(  269) n(  187)  <=
to_base                    Y(   57) Y(  128)  >
wrap                       Y(  488) Y(  488)

=== S2 RE-TEST with 8x experience (holdout 26 REAL bugs) ===
COLD : 19/26 solved, energy 19534
WARM : 19/26 solved, energy 20919
energy warm/cold: 1.07x   per-bug: 3 faster, 9 slower
