bug                        cold  iterdeep
bitcount               Y(    12) Y(    12)
bucketsort             Y(    97) Y(   177)  >
find_first_in_sorted   Y(     4) Y(     4)
find_in_sorted         n(     1) n(     1)
flatten                Y(     1) Y(     1)
gcd                    Y(     1) Y(     1)
get_factors            Y(    25) Y(    25)
hanoi                  Y(    53) Y(   413)  >
is_valid_parenthesization n(     0) n(     0)
kheapsort              Y(   616) Y(   646)  >
kth                    n(  1001) n(   527)  <=
lcs_length             n( 12234) n(  9154)  <=
lis                    n(    99) n(   105)  >
max_sublist_sum        Y(  1160) Y(   122)  <=
mergesort              Y(  1894) Y(   402)  <=
next_palindrome        n(     0) n(     0)
next_permutation       Y(   102) Y(   182)  >
pascal                 Y(   600) n(  4034)  >
powerset               Y(   297) Y(   121)  <=
quicksort              Y(    66) Y(   158)  >
rpn_eval               Y(     9) Y(     9)
shunting_yard          Y(   446) Y(   316)  <=
sieve                  Y(     2) Y(     2)
sqrt                   n(   269) n(  1427)  >
to_base                Y(    57) Y(   137)  >
wrap                   Y(   488) Y(   518)  >

=== COLD vs ITERATIVE-DEEPENING (holdout 26 real bugs) ===
COLD     : 19/26 solved, energy 19534
ITERDEEP : 18/26 solved, energy 18494
energy iterdeep/cold: 0.95x  (<1.0 at >= solves = win, no transfer/mis-steer)
